// Jest Snapshot v1, https://goo.gl/fbAQLP

exports[`NavBar Component renders the UI as expected 1`] = `
<nav
  className="NavBar"
>
  <div
    className="NavBar__container"
  >
    <button
      className="NavBar--hamburger"
      onClick={[Function]}
    >
      <svg
        aria-hidden="true"
        className="svg-inline--fa fa-bars fa-w-14 "
        data-icon="bars"
        data-prefix="far"
        focusable="false"
        role="img"
        style={Object {}}
        viewBox="0 0 448 512"
        xmlns="http://www.w3.org/2000/svg"
      >
        <path
          d="M436 124H12c-6.627 0-12-5.373-12-12V80c0-6.627 5.373-12 12-12h424c6.627 0 12 5.373 12 12v32c0 6.627-5.373 12-12 12zm0 160H12c-6.627 0-12-5.373-12-12v-32c0-6.627 5.373-12 12-12h424c6.627 0 12 5.373 12 12v32c0 6.627-5.373 12-12 12zm0 160H12c-6.627 0-12-5.373-12-12v-32c0-6.627 5.373-12 12-12h424c6.627 0 12 5.373 12 12v32c0 6.627-5.373 12-12 12z"
          fill="currentColor"
          style={Object {}}
        />
      </svg>
    </button>
    <a
      className="NavBar--marquee"
      href="/"
      onClick={[Function]}
    >
      Sterling | Dev
    </a>
    <a
      className="NavBar--large"
      href="/#about"
      onClick={[Function]}
    >
      About
    </a>
    <a
      className="NavBar--large"
      href="/#projects"
      onClick={[Function]}
    >
      Projects
    </a>
    <a
      className="NavBar--large"
      href="/#connect"
      onClick={[Function]}
    >
      Connect
    </a>
    <a
      className="NavBar--large"
      href="/resume"
      onClick={[Function]}
    >
      Resume
    </a>
  </div>
  <div
    className="SubNav SubNav--hidden"
  >
    <a
      href="/#about"
      onClick={[Function]}
    >
      About
    </a>
    <a
      href="/#projects"
      onClick={[Function]}
    >
      Projects
    </a>
    <a
      href="/#connect"
      onClick={[Function]}
    >
      Connect
    </a>
    <a
      href="/resume"
      onClick={[Function]}
    >
      Resume
    </a>
  </div>
</nav>
`;
