// Jest Snapshot v1, https://goo.gl/fbAQLP

exports[`NavBar Component renders the UI as expected 1`] = `
<nav
  className="NavBar"
>
  <div
    className="NavBar__container"
  >
    <a
      className="NavBar--marquee"
      href="/sterling"
      onClick={[Function]}
    >
      Sterling | Dev
    </a>
    <a
      href="/about"
      onClick={[Function]}
    >
      About
    </a>
    <a
      href="/projects"
      onClick={[Function]}
    >
      Projects
    </a>
    <a
      href="/connect"
      onClick={[Function]}
    >
      Connect
    </a>
  </div>
</nav>
`;
